
[NbConvertApp] Converting notebook content/user/molecular_system/selection.ipynb to notebook
/conda/miniconda3/envs/molsysviewer@uibcdf_3.12/lib/python3.12/site-packages/nbformat/__init__.py:96: MissingIDFieldWarning: Cell is missing an id field, this will become a hard error in future nbformat versions. You may want to use `normalize()` on your notebooks before validations (available since nbformat 5.1.4). Previous versions of nbformat are fixing this issue transparently, and will stop doing so in the future.
  validate(nb)
Traceback (most recent call last):
  File "/conda/miniconda3/envs/molsysviewer@uibcdf_3.12/bin/jupyter-nbconvert", line 10, in <module>
    sys.exit(main())
             ^^^^^^
  File "/conda/miniconda3/envs/molsysviewer@uibcdf_3.12/lib/python3.12/site-packages/jupyter_core/application.py", line 284, in launch_instance
    super().launch_instance(argv=argv, **kwargs)
  File "/conda/miniconda3/envs/molsysviewer@uibcdf_3.12/lib/python3.12/site-packages/traitlets/config/application.py", line 1075, in launch_instance
    app.start()
  File "/conda/miniconda3/envs/molsysviewer@uibcdf_3.12/lib/python3.12/site-packages/nbconvert/nbconvertapp.py", line 420, in start
    self.convert_notebooks()
  File "/conda/miniconda3/envs/molsysviewer@uibcdf_3.12/lib/python3.12/site-packages/nbconvert/nbconvertapp.py", line 597, in convert_notebooks
    self.convert_single_notebook(notebook_filename)
  File "/conda/miniconda3/envs/molsysviewer@uibcdf_3.12/lib/python3.12/site-packages/nbconvert/nbconvertapp.py", line 563, in convert_single_notebook
    output, resources = self.export_single_notebook(
                        ^^^^^^^^^^^^^^^^^^^^^^^^^^^^
  File "/conda/miniconda3/envs/molsysviewer@uibcdf_3.12/lib/python3.12/site-packages/nbconvert/nbconvertapp.py", line 487, in export_single_notebook
    output, resources = self.exporter.from_filename(
                        ^^^^^^^^^^^^^^^^^^^^^^^^^^^^
  File "/conda/miniconda3/envs/molsysviewer@uibcdf_3.12/lib/python3.12/site-packages/nbconvert/exporters/exporter.py", line 201, in from_filename
    return self.from_file(f, resources=resources, **kw)
           ^^^^^^^^^^^^^^^^^^^^^^^^^^^^^^^^^^^^^^^^^^^^
  File "/conda/miniconda3/envs/molsysviewer@uibcdf_3.12/lib/python3.12/site-packages/nbconvert/exporters/exporter.py", line 220, in from_file
    return self.from_notebook_node(
           ^^^^^^^^^^^^^^^^^^^^^^^^
  File "/conda/miniconda3/envs/molsysviewer@uibcdf_3.12/lib/python3.12/site-packages/nbconvert/exporters/notebook.py", line 36, in from_notebook_node
    nb_copy, resources = super().from_notebook_node(nb, resources, **kw)
                         ^^^^^^^^^^^^^^^^^^^^^^^^^^^^^^^^^^^^^^^^^^^^^^^
  File "/conda/miniconda3/envs/molsysviewer@uibcdf_3.12/lib/python3.12/site-packages/nbconvert/exporters/exporter.py", line 154, in from_notebook_node
    nb_copy, resources = self._preprocess(nb_copy, resources)
                         ^^^^^^^^^^^^^^^^^^^^^^^^^^^^^^^^^^^^
  File "/conda/miniconda3/envs/molsysviewer@uibcdf_3.12/lib/python3.12/site-packages/nbconvert/exporters/exporter.py", line 353, in _preprocess
    nbc, resc = preprocessor(nbc, resc)
                ^^^^^^^^^^^^^^^^^^^^^^^
  File "/conda/miniconda3/envs/molsysviewer@uibcdf_3.12/lib/python3.12/site-packages/nbconvert/preprocessors/base.py", line 48, in __call__
    return self.preprocess(nb, resources)
           ^^^^^^^^^^^^^^^^^^^^^^^^^^^^^^
  File "/conda/miniconda3/envs/molsysviewer@uibcdf_3.12/lib/python3.12/site-packages/nbconvert/preprocessors/execute.py", line 103, in preprocess
    self.preprocess_cell(cell, resources, index)
  File "/conda/miniconda3/envs/molsysviewer@uibcdf_3.12/lib/python3.12/site-packages/nbconvert/preprocessors/execute.py", line 124, in preprocess_cell
    cell = self.execute_cell(cell, index, store_history=True)
           ^^^^^^^^^^^^^^^^^^^^^^^^^^^^^^^^^^^^^^^^^^^^^^^^^^
  File "/conda/miniconda3/envs/molsysviewer@uibcdf_3.12/lib/python3.12/site-packages/jupyter_core/utils/__init__.py", line 165, in wrapped
    return loop.run_until_complete(inner)
           ^^^^^^^^^^^^^^^^^^^^^^^^^^^^^^
  File "/conda/miniconda3/envs/molsysviewer@uibcdf_3.12/lib/python3.12/asyncio/base_events.py", line 691, in run_until_complete
    return future.result()
           ^^^^^^^^^^^^^^^
  File "/conda/miniconda3/envs/molsysviewer@uibcdf_3.12/lib/python3.12/site-packages/nbclient/client.py", line 1062, in async_execute_cell
    await self._check_raise_for_error(cell, cell_index, exec_reply)
  File "/conda/miniconda3/envs/molsysviewer@uibcdf_3.12/lib/python3.12/site-packages/nbclient/client.py", line 918, in _check_raise_for_error
    raise CellExecutionError.from_cell_and_msg(cell, exec_reply_content)
nbclient.exceptions.CellExecutionError: An error occurred while executing the following cell:
------------------
near_atoms = view.select('chain_name=="A" within 0.3 nm of chain_name=="B"')
len(near_atoms), near_atoms[:10]
------------------


[31m---------------------------------------------------------------------------[39m
[31mValueError[39m                                Traceback (most recent call last)
[36mCell[39m[36m [39m[32mIn[5][39m[32m, line 1[39m
[32m----> [39m[32m1[39m near_atoms = [43mview[49m[43m.[49m[43mselect[49m[43m([49m[33;43m'[39;49m[33;43mchain_name==[39;49m[33;43m"[39;49m[33;43mA[39;49m[33;43m"[39;49m[33;43m within 0.3 nm of chain_name==[39;49m[33;43m"[39;49m[33;43mB[39;49m[33;43m"[39;49m[33;43m'[39;49m[43m)[49m
[32m      2[39m [38;5;28mlen[39m(near_atoms), near_atoms[:[32m10[39m]

[36mFile [39m[32m~/repos@uibcdf/molsysviewer/molsysviewer/viewer.py:877[39m, in [36mMolSysView.select[39m[34m(self, selection, structure_indices, element, mask, syntax, to_syntax, skip_digestion)[39m
[32m    866[39m [38;5;28;01mdef[39;00m[38;5;250m [39m[34mselect[39m(
[32m    867[39m     [38;5;28mself[39m,
[32m    868[39m     selection=[33m"[39m[33mall[39m[33m"[39m,
[32m   (...)[39m[32m    874[39m     skip_digestion=[38;5;28;01mFalse[39;00m,
[32m    875[39m ):
[32m    876[39m [38;5;250m    [39m[33;03m"""Select indices from the current molecular system (MolSysMT selection language)."""[39;00m
[32m--> [39m[32m877[39m     [38;5;28;01mreturn[39;00m [43mmsm[49m[43m.[49m[43mselect[49m[43m([49m
[32m    878[39m [43m        [49m[38;5;28;43mself[39;49m[43m.[49m[43m_molsys[49m[43m,[49m
[32m    879[39m [43m        [49m[43mselection[49m[43m=[49m[43mselection[49m[43m,[49m
[32m    880[39m [43m        [49m[43mstructure_indices[49m[43m=[49m[43mstructure_indices[49m[43m,[49m
[32m    881[39m [43m        [49m[43melement[49m[43m=[49m[43melement[49m[43m,[49m
[32m    882[39m [43m        [49m[43mmask[49m[43m=[49m[43mmask[49m[43m,[49m
[32m    883[39m [43m        [49m[43msyntax[49m[43m=[49m[43msyntax[49m[43m,[49m
[32m    884[39m [43m        [49m[43mto_syntax[49m[43m=[49m[43mto_syntax[49m[43m,[49m
[32m    885[39m [43m        [49m[43mskip_digestion[49m[43m=[49m[43mskip_digestion[49m[43m,[49m
[32m    886[39m [43m    [49m[43m)[49m

[36mFile [39m[32m~/repos@uibcdf/molsysmt/molsysmt/_private/digestion/digest.py:122[39m, in [36mdigest.<locals>.digestor.<locals>.wrapper[39m[34m(*args, **kwargs)[39m
[32m    120[39m     [38;5;28;01mreturn[39;00m func(all_args[[33m'[39m[33mself[39m[33m'[39m], **final_args)
[32m    121[39m [38;5;28;01melse[39;00m:
[32m--> [39m[32m122[39m     [38;5;28;01mreturn[39;00m [43mfunc[49m[43m([49m[43m*[49m[43m*[49m[43mfinal_args[49m[43m)[49m

[36mFile [39m[32m~/repos@uibcdf/molsysmt/molsysmt/basic/select.py:138[39m, in [36mselect[39m[34m(molecular_system, selection, structure_indices, element, mask, syntax, to_syntax, skip_digestion)[39m
[32m    135[39m [38;5;28;01melse[39;00m:
[32m    137[39m     [38;5;28;01mif[39;00m syntax [38;5;129;01min[39;00m _dict_select:
[32m--> [39m[32m138[39m         atom_indices = [43m_dict_select[49m[43m[[49m[43msyntax[49m[43m][49m[43m([49m[43mmolecular_system[49m[43m,[49m[43m [49m[43mselection[49m[43m,[49m[43m [49m[43mstructure_indices[49m[43m)[49m
[32m    139[39m     [38;5;28;01melse[39;00m:
[32m    141[39m         [38;5;28;01mraise[39;00m NotSupportedSyntaxError()

[36mFile [39m[32m~/repos@uibcdf/molsysmt/molsysmt/basic/selector/molsysmt.py:28[39m, in [36mselect[39m[34m(molecular_system, selection, structure_indices)[39m
[32m     24[39m     atom_indices = select_in_elements_of(molecular_system, selection)
[32m     26[39m [38;5;28;01melif[39;00m [33m'[39m[33mwithin[39m[33m'[39m [38;5;129;01min[39;00m selection:
[32m---> [39m[32m28[39m     atom_indices = [43mselect_within[49m[43m([49m[43mmolecular_system[49m[43m,[49m[43m [49m[43mselection[49m[43m,[49m[43m [49m[43mstructure_indices[49m[43m)[49m
[32m     30[39m [38;5;28;01melif[39;00m [33m'[39m[33mbonded to[39m[33m'[39m [38;5;129;01min[39;00m selection:
[32m     32[39m     atom_indices = select_bonded_to(molecular_system, selection)

[36mFile [39m[32m~/repos@uibcdf/molsysmt/molsysmt/basic/selector/molsysmt.py:289[39m, in [36mselect_within[39m[34m(molecular_system, selection, structure_indices)[39m
[32m    287[39m atom_indices_1 = select(molecular_system, selection_1)
[32m    288[39m atom_indices_2 = select(molecular_system, selection_2)
[32m--> [39m[32m289[39m cmap = [43mget_contacts[49m[43m([49m[43mmolecular_system[49m[43m,[49m[43m [49m[43mselection[49m[43m=[49m[43matom_indices_1[49m[43m,[49m[43m [49m[43mselection_2[49m[43m=[49m[43matom_indices_2[49m[43m,[49m
[32m    290[39m [43m                    [49m[43mstructure_indices[49m[43m=[49m[43mstructure_indices[49m[43m,[49m[43m [49m[43mthreshold[49m[43m=[49m[43mthreshold[49m[43m,[49m[43m [49m[43mpbc[49m[43m=[49m[43mpbc[49m[43m)[49m
[32m    292[39m [38;5;28;01mif[39;00m not_within:
[32m    293[39m     output = np.array(atom_indices_1)[np.where(cmap.all(axis=[32m2[39m)[[32m0[39m] == [38;5;28;01mFalse[39;00m)[[32m0[39m]].tolist()

[36mFile [39m[32m~/repos@uibcdf/molsysmt/molsysmt/_private/digestion/digest.py:122[39m, in [36mdigest.<locals>.digestor.<locals>.wrapper[39m[34m(*args, **kwargs)[39m
[32m    120[39m     [38;5;28;01mreturn[39;00m func(all_args[[33m'[39m[33mself[39m[33m'[39m], **final_args)
[32m    121[39m [38;5;28;01melse[39;00m:
[32m--> [39m[32m122[39m     [38;5;28;01mreturn[39;00m [43mfunc[49m[43m([49m[43m*[49m[43m*[49m[43mfinal_args[49m[43m)[49m

[36mFile [39m[32m~/repos@uibcdf/molsysmt/molsysmt/structure/get_contacts.py:39[39m, in [36mget_contacts[39m[34m(molecular_system, selection, center_of_atoms, weights, structure_indices, selection_2, center_of_atoms_2, weights_2, structure_indices_2, threshold, pairs, pbc, syntax, output_type, output_indices, skip_digestion)[39m
[32m     36[39m [38;5;28;01melse[39;00m:
[32m     37[39m     atom_indices_2 = select(molecular_system, selection=selection_2, syntax=syntax)
[32m---> [39m[32m39[39m all_dists = [43mget_distances[49m[43m([49m[43mmolecular_system[49m[43m=[49m[43mmolecular_system[49m[43m,[49m[43m [49m[43mselection[49m[43m=[49m[43matom_indices[49m[43m,[49m
[32m     40[39m [43m            [49m[43mcenter_of_atoms[49m[43m=[49m[43mcenter_of_atoms[49m[43m,[49m[43m [49m[43mweights[49m[43m=[49m[43mweights[49m[43m,[49m[43m [49m[43mstructure_indices[49m[43m=[49m[43mstructure_indices[49m[43m,[49m
[32m     41[39m [43m            [49m[43mselection_2[49m[43m=[49m[43matom_indices_2[49m[43m,[49m[43m [49m[43mcenter_of_atoms_2[49m[43m=[49m[43mcenter_of_atoms_2[49m[43m,[49m[43m [49m[43mweights_2[49m[43m=[49m[43mweights_2[49m[43m,[49m
[32m     42[39m [43m            [49m[43mstructure_indices_2[49m[43m=[49m[43mstructure_indices_2[49m[43m,[49m[43m [49m[43mpairs[49m[43m=[49m[43mpairs[49m[43m,[49m[43m [49m[43mpbc[49m[43m=[49m[43mpbc[49m[43m)[49m
[32m     44[39m length_units = puw.get_unit(all_dists)
[32m     45[39m threshold = puw.get_value(threshold, to_unit=length_units)

[36mFile [39m[32m~/repos@uibcdf/molsysmt/molsysmt/_private/digestion/digest.py:122[39m, in [36mdigest.<locals>.digestor.<locals>.wrapper[39m[34m(*args, **kwargs)[39m
[32m    120[39m     [38;5;28;01mreturn[39;00m func(all_args[[33m'[39m[33mself[39m[33m'[39m], **final_args)
[32m    121[39m [38;5;28;01melse[39;00m:
[32m--> [39m[32m122[39m     [38;5;28;01mreturn[39;00m [43mfunc[49m[43m([49m[43m*[49m[43m*[49m[43mfinal_args[49m[43m)[49m

[36mFile [39m[32m~/repos@uibcdf/molsysmt/molsysmt/structure/get_distances.py:123[39m, in [36mget_distances[39m[34m(molecular_system, selection, structure_indices, center_of_atoms, weights, molecular_system_2, selection_2, structure_indices_2, center_of_atoms_2, weights_2, pairs, pbc, output_type, output_indices, output_structure_indices, engine, syntax, skip_digestion)[39m
[32m    119[39m             in_memory = [38;5;28;01mFalse[39;00m
[32m    121[39m [38;5;28;01mif[39;00m in_memory:
[32m--> [39m[32m123[39m     distances = [43m_get_distances_in_memory[49m[43m([49m[43mmolecular_system[49m[43m,[49m[43m [49m[43mselection[49m[43m=[49m[43matom_indices[49m[43m,[49m
[32m    124[39m [43m            [49m[43mstructure_indices[49m[43m=[49m[43mstructure_indices[49m[43m,[49m[43m [49m[43mcenter_of_atoms[49m[43m=[49m[43mcenter_of_atoms[49m[43m,[49m[43m [49m[43mweights[49m[43m=[49m[43mweights[49m[43m,[49m
[32m    125[39m [43m            [49m[43mmolecular_system_2[49m[43m=[49m[43mmolecular_system_2[49m[43m,[49m[43m [49m[43mselection_2[49m[43m=[49m[43matom_indices_2[49m[43m,[49m
[32m    126[39m [43m            [49m[43mstructure_indices_2[49m[43m=[49m[43mstructure_indices_2[49m[43m,[49m[43m [49m[43mcenter_of_atoms_2[49m[43m=[49m[43mcenter_of_atoms_2[49m[43m,[49m[43m [49m[43mweights_2[49m[43m=[49m[43mweights_2[49m[43m,[49m
[32m    127[39m [43m            [49m[43mpairs[49m[43m=[49m[43mpairs[49m[43m,[49m[43m [49m[43mpbc[49m[43m=[49m[43mpbc[49m[43m,[49m[43m [49m[43msyntax[49m[43m=[49m[43msyntax[49m[43m)[49m
[32m    129[39m [38;5;28;01melse[39;00m:
[32m    131[39m     [38;5;28;01mraise[39;00m NotImplementedMethodError

[36mFile [39m[32m~/repos@uibcdf/molsysmt/molsysmt/structure/get_distances.py:407[39m, in [36m_get_distances_in_memory[39m[34m(molecular_system, selection, structure_indices, center_of_atoms, weights, molecular_system_2, selection_2, structure_indices_2, center_of_atoms_2, weights_2, pairs, pbc, syntax)[39m
[32m    403[39m     [38;5;28;01mif[39;00m structure_indices_2 [38;5;129;01mis[39;00m [38;5;28;01mNone[39;00m:
[32m    405[39m         structure_indices_2 = structure_indices
[32m--> [39m[32m407[39m     coordinates_2 = [43mget_center[49m[43m([49m[43mmolecular_system_2[49m[43m,[49m[43m [49m[43mselection[49m[43m=[49m[43mselection_2[49m[43m,[49m
[32m    408[39m [43m        [49m[43mstructure_indices[49m[43m=[49m[43mstructure_indices_2[49m[43m,[49m[43m [49m[43mweights[49m[43m=[49m[43mweights_2[49m[43m)[49m
[32m    410[39m [38;5;28;01melse[39;00m:
[32m    412[39m     [38;5;28;01mif[39;00m (selection_2 [38;5;129;01mis[39;00m [38;5;28;01mNone[39;00m) [38;5;129;01mand[39;00m (structure_indices_2 [38;5;129;01mis[39;00m [38;5;28;01mNone[39;00m):

[36mFile [39m[32m~/repos@uibcdf/molsysmt/molsysmt/_private/digestion/digest.py:122[39m, in [36mdigest.<locals>.digestor.<locals>.wrapper[39m[34m(*args, **kwargs)[39m
[32m    120[39m     [38;5;28;01mreturn[39;00m func(all_args[[33m'[39m[33mself[39m[33m'[39m], **final_args)
[32m    121[39m [38;5;28;01melse[39;00m:
[32m--> [39m[32m122[39m     [38;5;28;01mreturn[39;00m [43mfunc[49m[43m([49m[43m*[49m[43m*[49m[43mfinal_args[49m[43m)[49m

[36mFile [39m[32m~/repos@uibcdf/molsysmt/molsysmt/structure/get_center.py:68[39m, in [36mget_center[39m[34m(molecular_system, selection, weights, structure_indices, syntax, engine, skip_digestion)[39m
[32m     65[39m [38;5;28;01melse[39;00m:
[32m     67[39m     atoms_per_group = np.array([[38;5;28mlen[39m(group) [38;5;28;01mfor[39;00m group [38;5;129;01min[39;00m atom_indices], dtype=np.int64)
[32m---> [39m[32m68[39m     groups_of_atoms = [43mnp[49m[43m.[49m[43mconcatenate[49m[43m([49m[43matom_indices[49m[43m)[49m
[32m     69[39m     coordinates = get(molecular_system, element=[33m'[39m[33matom[39m[33m'[39m, selection=groups_of_atoms,
[32m     70[39m             structure_indices=structure_indices, coordinates=[38;5;28;01mTrue[39;00m)
[32m     71[39m     coordinates, length_unit = puw.get_value_and_unit(coordinates)

[31mValueError[39m: need at least one array to concatenate

