
[NbConvertApp] Converting notebook content/showcase/pockets.ipynb to notebook
Traceback (most recent call last):
  File "/conda/miniconda3/envs/molsysviewer@uibcdf_3.12/bin/jupyter-nbconvert", line 10, in <module>
    sys.exit(main())
             ^^^^^^
  File "/conda/miniconda3/envs/molsysviewer@uibcdf_3.12/lib/python3.12/site-packages/jupyter_core/application.py", line 284, in launch_instance
    super().launch_instance(argv=argv, **kwargs)
  File "/conda/miniconda3/envs/molsysviewer@uibcdf_3.12/lib/python3.12/site-packages/traitlets/config/application.py", line 1075, in launch_instance
    app.start()
  File "/conda/miniconda3/envs/molsysviewer@uibcdf_3.12/lib/python3.12/site-packages/nbconvert/nbconvertapp.py", line 420, in start
    self.convert_notebooks()
  File "/conda/miniconda3/envs/molsysviewer@uibcdf_3.12/lib/python3.12/site-packages/nbconvert/nbconvertapp.py", line 597, in convert_notebooks
    self.convert_single_notebook(notebook_filename)
  File "/conda/miniconda3/envs/molsysviewer@uibcdf_3.12/lib/python3.12/site-packages/nbconvert/nbconvertapp.py", line 563, in convert_single_notebook
    output, resources = self.export_single_notebook(
                        ^^^^^^^^^^^^^^^^^^^^^^^^^^^^
  File "/conda/miniconda3/envs/molsysviewer@uibcdf_3.12/lib/python3.12/site-packages/nbconvert/nbconvertapp.py", line 487, in export_single_notebook
    output, resources = self.exporter.from_filename(
                        ^^^^^^^^^^^^^^^^^^^^^^^^^^^^
  File "/conda/miniconda3/envs/molsysviewer@uibcdf_3.12/lib/python3.12/site-packages/nbconvert/exporters/exporter.py", line 201, in from_filename
    return self.from_file(f, resources=resources, **kw)
           ^^^^^^^^^^^^^^^^^^^^^^^^^^^^^^^^^^^^^^^^^^^^
  File "/conda/miniconda3/envs/molsysviewer@uibcdf_3.12/lib/python3.12/site-packages/nbconvert/exporters/exporter.py", line 220, in from_file
    return self.from_notebook_node(
           ^^^^^^^^^^^^^^^^^^^^^^^^
  File "/conda/miniconda3/envs/molsysviewer@uibcdf_3.12/lib/python3.12/site-packages/nbconvert/exporters/notebook.py", line 36, in from_notebook_node
    nb_copy, resources = super().from_notebook_node(nb, resources, **kw)
                         ^^^^^^^^^^^^^^^^^^^^^^^^^^^^^^^^^^^^^^^^^^^^^^^
  File "/conda/miniconda3/envs/molsysviewer@uibcdf_3.12/lib/python3.12/site-packages/nbconvert/exporters/exporter.py", line 154, in from_notebook_node
    nb_copy, resources = self._preprocess(nb_copy, resources)
                         ^^^^^^^^^^^^^^^^^^^^^^^^^^^^^^^^^^^^
  File "/conda/miniconda3/envs/molsysviewer@uibcdf_3.12/lib/python3.12/site-packages/nbconvert/exporters/exporter.py", line 353, in _preprocess
    nbc, resc = preprocessor(nbc, resc)
                ^^^^^^^^^^^^^^^^^^^^^^^
  File "/conda/miniconda3/envs/molsysviewer@uibcdf_3.12/lib/python3.12/site-packages/nbconvert/preprocessors/base.py", line 48, in __call__
    return self.preprocess(nb, resources)
           ^^^^^^^^^^^^^^^^^^^^^^^^^^^^^^
  File "/conda/miniconda3/envs/molsysviewer@uibcdf_3.12/lib/python3.12/site-packages/nbconvert/preprocessors/execute.py", line 103, in preprocess
    self.preprocess_cell(cell, resources, index)
  File "/conda/miniconda3/envs/molsysviewer@uibcdf_3.12/lib/python3.12/site-packages/nbconvert/preprocessors/execute.py", line 124, in preprocess_cell
    cell = self.execute_cell(cell, index, store_history=True)
           ^^^^^^^^^^^^^^^^^^^^^^^^^^^^^^^^^^^^^^^^^^^^^^^^^^
  File "/conda/miniconda3/envs/molsysviewer@uibcdf_3.12/lib/python3.12/site-packages/jupyter_core/utils/__init__.py", line 165, in wrapped
    return loop.run_until_complete(inner)
           ^^^^^^^^^^^^^^^^^^^^^^^^^^^^^^
  File "/conda/miniconda3/envs/molsysviewer@uibcdf_3.12/lib/python3.12/asyncio/base_events.py", line 691, in run_until_complete
    return future.result()
           ^^^^^^^^^^^^^^^
  File "/conda/miniconda3/envs/molsysviewer@uibcdf_3.12/lib/python3.12/site-packages/nbclient/client.py", line 1062, in async_execute_cell
    await self._check_raise_for_error(cell, cell_index, exec_reply)
  File "/conda/miniconda3/envs/molsysviewer@uibcdf_3.12/lib/python3.12/site-packages/nbclient/client.py", line 918, in _check_raise_for_error
    raise CellExecutionError.from_cell_and_msg(cell, exec_reply_content)
nbclient.exceptions.CellExecutionError: An error occurred while executing the following cell:
------------------
v = mv.MolSysView()
v.shapes.add_pocket_blob(
    centers=[(0,0,0), (3,0,0), (1.5,2,0)],
    radii=[2.0, 1.8, 1.2],
    iso_levels=[0.08, 0.15],
    iso_colors=[0x44CCFF, 0x003366],
    iso_alphas=[0.35, 0.5],
    smoothing=1.0,
    tag="pocket-blob",
)
v.show()
------------------


[31m---------------------------------------------------------------------------[39m
[31mNameError[39m                                 Traceback (most recent call last)
[36mCell[39m[36m [39m[32mIn[2][39m[32m, line 1[39m
[32m----> [39m[32m1[39m v = [43mmv[49m.MolSysView()
[32m      2[39m v.shapes.add_pocket_blob(
[32m      3[39m     centers=[([32m0[39m,[32m0[39m,[32m0[39m), ([32m3[39m,[32m0[39m,[32m0[39m), ([32m1.5[39m,[32m2[39m,[32m0[39m)],
[32m      4[39m     radii=[[32m2.0[39m, [32m1.8[39m, [32m1.2[39m],
[32m   (...)[39m[32m      9[39m     tag=[33m"[39m[33mpocket-blob[39m[33m"[39m,
[32m     10[39m )
[32m     11[39m v.show()

[31mNameError[39m: name 'mv' is not defined

